TimeQuest Timing Analyzer report for skracanie_licznikow
Mon Oct 30 09:19:22 2017
Quartus II 64-Bit Version 13.0.1 Build 232 06/12/2013 Service Pack 1 SJ Web Edition


---------------------
; Table of Contents ;
---------------------
  1. Legal Notice
  2. TimeQuest Timing Analyzer Summary
  3. Parallel Compilation
  4. Clocks
  5. Slow Model Fmax Summary
  6. Slow Model Setup Summary
  7. Slow Model Hold Summary
  8. Slow Model Recovery Summary
  9. Slow Model Removal Summary
 10. Slow Model Minimum Pulse Width Summary
 11. Slow Model Setup: '7493:inst|13'
 12. Slow Model Setup: 'KEY[3]'
 13. Slow Model Hold: '7493:inst|13'
 14. Slow Model Hold: 'KEY[3]'
 15. Slow Model Recovery: '7493:inst|13'
 16. Slow Model Recovery: 'KEY[3]'
 17. Slow Model Removal: 'KEY[3]'
 18. Slow Model Removal: '7493:inst|13'
 19. Slow Model Minimum Pulse Width: 'KEY[3]'
 20. Slow Model Minimum Pulse Width: '7493:inst|13'
 21. Clock to Output Times
 22. Minimum Clock to Output Times
 23. Fast Model Setup Summary
 24. Fast Model Hold Summary
 25. Fast Model Recovery Summary
 26. Fast Model Removal Summary
 27. Fast Model Minimum Pulse Width Summary
 28. Fast Model Setup: '7493:inst|13'
 29. Fast Model Setup: 'KEY[3]'
 30. Fast Model Hold: '7493:inst|13'
 31. Fast Model Hold: 'KEY[3]'
 32. Fast Model Recovery: '7493:inst|13'
 33. Fast Model Recovery: 'KEY[3]'
 34. Fast Model Removal: 'KEY[3]'
 35. Fast Model Removal: '7493:inst|13'
 36. Fast Model Minimum Pulse Width: 'KEY[3]'
 37. Fast Model Minimum Pulse Width: '7493:inst|13'
 38. Clock to Output Times
 39. Minimum Clock to Output Times
 40. Multicorner Timing Analysis Summary
 41. Clock to Output Times
 42. Minimum Clock to Output Times
 43. Setup Transfers
 44. Hold Transfers
 45. Recovery Transfers
 46. Removal Transfers
 47. Report TCCS
 48. Report RSKM
 49. Unconstrained Paths
 50. TimeQuest Timing Analyzer Messages



----------------
; Legal Notice ;
----------------
Copyright (C) 1991-2013 Altera Corporation
Your use of Altera Corporation's design tools, logic functions 
and other software and tools, and its AMPP partner logic 
functions, and any output files from any of the foregoing 
(including device programming or simulation files), and any 
associated documentation or information are expressly subject 
to the terms and conditions of the Altera Program License 
Subscription Agreement, Altera MegaCore Function License 
Agreement, or other applicable license agreement, including, 
without limitation, that your use is for the sole purpose of 
programming logic devices manufactured by Altera and sold by 
Altera or its authorized distributors.  Please refer to the 
applicable agreement for further details.



+----------------------------------------------------------------------------------------+
; TimeQuest Timing Analyzer Summary                                                      ;
+--------------------+-------------------------------------------------------------------+
; Quartus II Version ; Version 13.0.1 Build 232 06/12/2013 Service Pack 1 SJ Web Edition ;
; Revision Name      ; skracanie_licznikow                                               ;
; Device Family      ; Cyclone II                                                        ;
; Device Name        ; EP2C70F896C6                                                      ;
; Timing Models      ; Final                                                             ;
; Delay Model        ; Combined                                                          ;
; Rise/Fall Delays   ; Unavailable                                                       ;
+--------------------+-------------------------------------------------------------------+


Parallel compilation was disabled, but you have multiple processors available. Enable parallel compilation to reduce compilation time.
+-------------------------------------+
; Parallel Compilation                ;
+----------------------------+--------+
; Processors                 ; Number ;
+----------------------------+--------+
; Number detected on machine ; 8      ;
; Maximum allowed            ; 1      ;
+----------------------------+--------+


+--------------------------------------------------------------------------------------------------------------------------------------------------------------------------------------------+
; Clocks                                                                                                                                                                                     ;
+--------------+------+--------+------------+-------+-------+------------+-----------+-------------+-------+--------+-----------+------------+----------+--------+--------+------------------+
; Clock Name   ; Type ; Period ; Frequency  ; Rise  ; Fall  ; Duty Cycle ; Divide by ; Multiply by ; Phase ; Offset ; Edge List ; Edge Shift ; Inverted ; Master ; Source ; Targets          ;
+--------------+------+--------+------------+-------+-------+------------+-----------+-------------+-------+--------+-----------+------------+----------+--------+--------+------------------+
; 7493:inst|13 ; Base ; 1.000  ; 1000.0 MHz ; 0.000 ; 0.500 ;            ;           ;             ;       ;        ;           ;            ;          ;        ;        ; { 7493:inst|13 } ;
; KEY[3]       ; Base ; 1.000  ; 1000.0 MHz ; 0.000 ; 0.500 ;            ;           ;             ;       ;        ;           ;            ;          ;        ;        ; { KEY[3] }       ;
+--------------+------+--------+------------+-------+-------+------------+-----------+-------------+-------+--------+-----------+------------+----------+--------+--------+------------------+


+--------------------------------------------------------------------------------------------------------------+
; Slow Model Fmax Summary                                                                                      ;
+-------------+-----------------+--------------+---------------------------------------------------------------+
; Fmax        ; Restricted Fmax ; Clock Name   ; Note                                                          ;
+-------------+-----------------+--------------+---------------------------------------------------------------+
; 1297.02 MHz ; 500.0 MHz       ; 7493:inst|13 ; limit due to low minimum pulse width violation (tcl)          ;
; 1610.31 MHz ; 450.05 MHz      ; KEY[3]       ; limit due to minimum period restriction (max I/O toggle rate) ;
+-------------+-----------------+--------------+---------------------------------------------------------------+
This panel reports FMAX for every clock in the design, regardless of the user-specified clock periods.  FMAX is only computed for paths where the source and destination registers or ports are driven by the same clock.  Paths of different clocks, including generated clocks, are ignored.  For paths between a clock and its inversion, FMAX is computed as if the rising and falling edges are scaled along with FMAX, such that the duty cycle (in terms of a percentage) is maintained. Altera recommends that you always use clock constraints and other slack reports for sign-off analysis.


+--------------------------------------+
; Slow Model Setup Summary             ;
+--------------+-------+---------------+
; Clock        ; Slack ; End Point TNS ;
+--------------+-------+---------------+
; 7493:inst|13 ; 0.229 ; 0.000         ;
; KEY[3]       ; 0.379 ; 0.000         ;
+--------------+-------+---------------+


+--------------------------------------+
; Slow Model Hold Summary              ;
+--------------+-------+---------------+
; Clock        ; Slack ; End Point TNS ;
+--------------+-------+---------------+
; 7493:inst|13 ; 0.391 ; 0.000         ;
; KEY[3]       ; 0.391 ; 0.000         ;
+--------------+-------+---------------+


+---------------------------------------+
; Slow Model Recovery Summary           ;
+--------------+--------+---------------+
; Clock        ; Slack  ; End Point TNS ;
+--------------+--------+---------------+
; 7493:inst|13 ; -5.011 ; -13.689       ;
; KEY[3]       ; -1.203 ; -1.203        ;
+--------------+--------+---------------+


+---------------------------------------+
; Slow Model Removal Summary            ;
+--------------+--------+---------------+
; Clock        ; Slack  ; End Point TNS ;
+--------------+--------+---------------+
; KEY[3]       ; -3.187 ; -3.187        ;
; 7493:inst|13 ; -0.051 ; -0.102        ;
+--------------+--------+---------------+


+----------------------------------------+
; Slow Model Minimum Pulse Width Summary ;
+--------------+--------+----------------+
; Clock        ; Slack  ; End Point TNS  ;
+--------------+--------+----------------+
; KEY[3]       ; -1.222 ; -2.222         ;
; 7493:inst|13 ; -0.500 ; -3.000         ;
+--------------+--------+----------------+


+--------------------------------------------------------------------------------------------------------------+
; Slow Model Setup: '7493:inst|13'                                                                             ;
+-------+---------------+---------------+--------------+--------------+--------------+------------+------------+
; Slack ; From Node     ; To Node       ; Launch Clock ; Latch Clock  ; Relationship ; Clock Skew ; Data Delay ;
+-------+---------------+---------------+--------------+--------------+--------------+------------+------------+
; 0.229 ; 7493:inst|15  ; 7493:inst|14  ; 7493:inst|13 ; 7493:inst|13 ; 1.000        ; 0.000      ; 0.807      ;
; 0.379 ; 7493:inst|15  ; 7493:inst|15  ; 7493:inst|13 ; 7493:inst|13 ; 1.000        ; 0.000      ; 0.657      ;
; 0.379 ; 7493:inst|14  ; 7493:inst|14  ; 7493:inst|13 ; 7493:inst|13 ; 1.000        ; 0.000      ; 0.657      ;
; 0.379 ; 7493:inst4|16 ; 7493:inst4|16 ; 7493:inst|13 ; 7493:inst|13 ; 1.000        ; 0.000      ; 0.657      ;
+-------+---------------+---------------+--------------+--------------+--------------+------------+------------+


+-----------------------------------------------------------------------------------------------------------+
; Slow Model Setup: 'KEY[3]'                                                                                ;
+-------+--------------+--------------+--------------+-------------+--------------+------------+------------+
; Slack ; From Node    ; To Node      ; Launch Clock ; Latch Clock ; Relationship ; Clock Skew ; Data Delay ;
+-------+--------------+--------------+--------------+-------------+--------------+------------+------------+
; 0.379 ; 7493:inst|16 ; 7493:inst|16 ; KEY[3]       ; KEY[3]      ; 1.000        ; 0.000      ; 0.657      ;
+-------+--------------+--------------+--------------+-------------+--------------+------------+------------+


+--------------------------------------------------------------------------------------------------------------+
; Slow Model Hold: '7493:inst|13'                                                                              ;
+-------+---------------+---------------+--------------+--------------+--------------+------------+------------+
; Slack ; From Node     ; To Node       ; Launch Clock ; Latch Clock  ; Relationship ; Clock Skew ; Data Delay ;
+-------+---------------+---------------+--------------+--------------+--------------+------------+------------+
; 0.391 ; 7493:inst|15  ; 7493:inst|15  ; 7493:inst|13 ; 7493:inst|13 ; 0.000        ; 0.000      ; 0.657      ;
; 0.391 ; 7493:inst|14  ; 7493:inst|14  ; 7493:inst|13 ; 7493:inst|13 ; 0.000        ; 0.000      ; 0.657      ;
; 0.391 ; 7493:inst4|16 ; 7493:inst4|16 ; 7493:inst|13 ; 7493:inst|13 ; 0.000        ; 0.000      ; 0.657      ;
; 0.541 ; 7493:inst|15  ; 7493:inst|14  ; 7493:inst|13 ; 7493:inst|13 ; 0.000        ; 0.000      ; 0.807      ;
+-------+---------------+---------------+--------------+--------------+--------------+------------+------------+


+-----------------------------------------------------------------------------------------------------------+
; Slow Model Hold: 'KEY[3]'                                                                                 ;
+-------+--------------+--------------+--------------+-------------+--------------+------------+------------+
; Slack ; From Node    ; To Node      ; Launch Clock ; Latch Clock ; Relationship ; Clock Skew ; Data Delay ;
+-------+--------------+--------------+--------------+-------------+--------------+------------+------------+
; 0.391 ; 7493:inst|16 ; 7493:inst|16 ; KEY[3]       ; KEY[3]      ; 0.000        ; 0.000      ; 0.657      ;
+-------+--------------+--------------+--------------+-------------+--------------+------------+------------+


+---------------------------------------------------------------------------------------------------------------+
; Slow Model Recovery: '7493:inst|13'                                                                           ;
+--------+---------------+---------------+--------------+--------------+--------------+------------+------------+
; Slack  ; From Node     ; To Node       ; Launch Clock ; Latch Clock  ; Relationship ; Clock Skew ; Data Delay ;
+--------+---------------+---------------+--------------+--------------+--------------+------------+------------+
; -5.011 ; 7493:inst|16  ; 7493:inst4|16 ; KEY[3]       ; 7493:inst|13 ; 0.500        ; -3.156     ; 2.391      ;
; -4.339 ; 7493:inst|16  ; 7493:inst|15  ; KEY[3]       ; 7493:inst|13 ; 1.000        ; -3.136     ; 2.239      ;
; -4.339 ; 7493:inst|16  ; 7493:inst|14  ; KEY[3]       ; 7493:inst|13 ; 1.000        ; -3.136     ; 2.239      ;
; -1.742 ; 7493:inst|15  ; 7493:inst4|16 ; 7493:inst|13 ; 7493:inst|13 ; 0.500        ; -0.020     ; 2.258      ;
; -1.412 ; 7493:inst4|16 ; 7493:inst|15  ; 7493:inst|13 ; 7493:inst|13 ; 0.500        ; 0.020      ; 1.968      ;
; -1.412 ; 7493:inst4|16 ; 7493:inst|14  ; 7493:inst|13 ; 7493:inst|13 ; 0.500        ; 0.020      ; 1.968      ;
; -1.084 ; 7493:inst4|16 ; 7493:inst4|16 ; 7493:inst|13 ; 7493:inst|13 ; 1.000        ; 0.000      ; 2.120      ;
; -1.070 ; 7493:inst|15  ; 7493:inst|15  ; 7493:inst|13 ; 7493:inst|13 ; 1.000        ; 0.000      ; 2.106      ;
; -1.070 ; 7493:inst|15  ; 7493:inst|14  ; 7493:inst|13 ; 7493:inst|13 ; 1.000        ; 0.000      ; 2.106      ;
; 0.149  ; 7493:inst|13  ; 7493:inst4|16 ; 7493:inst|13 ; 7493:inst|13 ; 0.500        ; 1.864      ; 2.501      ;
; 0.321  ; 7493:inst|13  ; 7493:inst|15  ; 7493:inst|13 ; 7493:inst|13 ; 0.500        ; 1.884      ; 2.349      ;
; 0.321  ; 7493:inst|13  ; 7493:inst|14  ; 7493:inst|13 ; 7493:inst|13 ; 0.500        ; 1.884      ; 2.349      ;
; 0.649  ; 7493:inst|13  ; 7493:inst4|16 ; 7493:inst|13 ; 7493:inst|13 ; 1.000        ; 1.864      ; 2.501      ;
; 0.821  ; 7493:inst|13  ; 7493:inst|15  ; 7493:inst|13 ; 7493:inst|13 ; 1.000        ; 1.884      ; 2.349      ;
; 0.821  ; 7493:inst|13  ; 7493:inst|14  ; 7493:inst|13 ; 7493:inst|13 ; 1.000        ; 1.884      ; 2.349      ;
+--------+---------------+---------------+--------------+--------------+--------------+------------+------------+


+-------------------------------------------------------------------------------------------------------------+
; Slow Model Recovery: 'KEY[3]'                                                                               ;
+--------+---------------+--------------+--------------+-------------+--------------+------------+------------+
; Slack  ; From Node     ; To Node      ; Launch Clock ; Latch Clock ; Relationship ; Clock Skew ; Data Delay ;
+--------+---------------+--------------+--------------+-------------+--------------+------------+------------+
; -1.203 ; 7493:inst|16  ; 7493:inst|16 ; KEY[3]       ; KEY[3]      ; 1.000        ; 0.000      ; 2.239      ;
; 1.724  ; 7493:inst4|16 ; 7493:inst|16 ; 7493:inst|13 ; KEY[3]      ; 0.500        ; 3.156      ; 1.968      ;
; 2.066  ; 7493:inst|15  ; 7493:inst|16 ; 7493:inst|13 ; KEY[3]      ; 1.000        ; 3.136      ; 2.106      ;
; 3.457  ; 7493:inst|13  ; 7493:inst|16 ; 7493:inst|13 ; KEY[3]      ; 0.500        ; 5.020      ; 2.349      ;
; 3.957  ; 7493:inst|13  ; 7493:inst|16 ; 7493:inst|13 ; KEY[3]      ; 1.000        ; 5.020      ; 2.349      ;
+--------+---------------+--------------+--------------+-------------+--------------+------------+------------+


+-------------------------------------------------------------------------------------------------------------+
; Slow Model Removal: 'KEY[3]'                                                                                ;
+--------+---------------+--------------+--------------+-------------+--------------+------------+------------+
; Slack  ; From Node     ; To Node      ; Launch Clock ; Latch Clock ; Relationship ; Clock Skew ; Data Delay ;
+--------+---------------+--------------+--------------+-------------+--------------+------------+------------+
; -3.187 ; 7493:inst|13  ; 7493:inst|16 ; 7493:inst|13 ; KEY[3]      ; 0.000        ; 5.020      ; 2.349      ;
; -2.687 ; 7493:inst|13  ; 7493:inst|16 ; 7493:inst|13 ; KEY[3]      ; -0.500       ; 5.020      ; 2.349      ;
; -1.296 ; 7493:inst|15  ; 7493:inst|16 ; 7493:inst|13 ; KEY[3]      ; 0.000        ; 3.136      ; 2.106      ;
; -0.954 ; 7493:inst4|16 ; 7493:inst|16 ; 7493:inst|13 ; KEY[3]      ; -0.500       ; 3.156      ; 1.968      ;
; 1.973  ; 7493:inst|16  ; 7493:inst|16 ; KEY[3]       ; KEY[3]      ; 0.000        ; 0.000      ; 2.239      ;
+--------+---------------+--------------+--------------+-------------+--------------+------------+------------+


+---------------------------------------------------------------------------------------------------------------+
; Slow Model Removal: '7493:inst|13'                                                                            ;
+--------+---------------+---------------+--------------+--------------+--------------+------------+------------+
; Slack  ; From Node     ; To Node       ; Launch Clock ; Latch Clock  ; Relationship ; Clock Skew ; Data Delay ;
+--------+---------------+---------------+--------------+--------------+--------------+------------+------------+
; -0.051 ; 7493:inst|13  ; 7493:inst|15  ; 7493:inst|13 ; 7493:inst|13 ; 0.000        ; 1.884      ; 2.349      ;
; -0.051 ; 7493:inst|13  ; 7493:inst|14  ; 7493:inst|13 ; 7493:inst|13 ; 0.000        ; 1.884      ; 2.349      ;
; 0.121  ; 7493:inst|13  ; 7493:inst4|16 ; 7493:inst|13 ; 7493:inst|13 ; 0.000        ; 1.864      ; 2.501      ;
; 0.449  ; 7493:inst|13  ; 7493:inst|15  ; 7493:inst|13 ; 7493:inst|13 ; -0.500       ; 1.884      ; 2.349      ;
; 0.449  ; 7493:inst|13  ; 7493:inst|14  ; 7493:inst|13 ; 7493:inst|13 ; -0.500       ; 1.884      ; 2.349      ;
; 0.621  ; 7493:inst|13  ; 7493:inst4|16 ; 7493:inst|13 ; 7493:inst|13 ; -0.500       ; 1.864      ; 2.501      ;
; 1.840  ; 7493:inst|15  ; 7493:inst|15  ; 7493:inst|13 ; 7493:inst|13 ; 0.000        ; 0.000      ; 2.106      ;
; 1.840  ; 7493:inst|15  ; 7493:inst|14  ; 7493:inst|13 ; 7493:inst|13 ; 0.000        ; 0.000      ; 2.106      ;
; 1.854  ; 7493:inst4|16 ; 7493:inst4|16 ; 7493:inst|13 ; 7493:inst|13 ; 0.000        ; 0.000      ; 2.120      ;
; 2.182  ; 7493:inst4|16 ; 7493:inst|15  ; 7493:inst|13 ; 7493:inst|13 ; -0.500       ; 0.020      ; 1.968      ;
; 2.182  ; 7493:inst4|16 ; 7493:inst|14  ; 7493:inst|13 ; 7493:inst|13 ; -0.500       ; 0.020      ; 1.968      ;
; 2.512  ; 7493:inst|15  ; 7493:inst4|16 ; 7493:inst|13 ; 7493:inst|13 ; -0.500       ; -0.020     ; 2.258      ;
; 5.109  ; 7493:inst|16  ; 7493:inst|15  ; KEY[3]       ; 7493:inst|13 ; 0.000        ; -3.136     ; 2.239      ;
; 5.109  ; 7493:inst|16  ; 7493:inst|14  ; KEY[3]       ; 7493:inst|13 ; 0.000        ; -3.136     ; 2.239      ;
; 5.781  ; 7493:inst|16  ; 7493:inst4|16 ; KEY[3]       ; 7493:inst|13 ; -0.500       ; -3.156     ; 2.391      ;
+--------+---------------+---------------+--------------+--------------+--------------+------------+------------+


+--------------------------------------------------------------------------------------------------+
; Slow Model Minimum Pulse Width: 'KEY[3]'                                                         ;
+--------+--------------+----------------+------------------+--------+------------+----------------+
; Slack  ; Actual Width ; Required Width ; Type             ; Clock  ; Clock Edge ; Target         ;
+--------+--------------+----------------+------------------+--------+------------+----------------+
; -1.222 ; 1.000        ; 2.222          ; Port Rate        ; KEY[3] ; Rise       ; KEY[3]         ;
; -0.500 ; 0.500        ; 1.000          ; High Pulse Width ; KEY[3] ; Rise       ; 7493:inst|16   ;
; -0.500 ; 0.500        ; 1.000          ; Low Pulse Width  ; KEY[3] ; Rise       ; 7493:inst|16   ;
; 0.500  ; 0.500        ; 0.000          ; High Pulse Width ; KEY[3] ; Rise       ; KEY[3]|combout ;
; 0.500  ; 0.500        ; 0.000          ; Low Pulse Width  ; KEY[3] ; Rise       ; KEY[3]|combout ;
; 0.500  ; 0.500        ; 0.000          ; High Pulse Width ; KEY[3] ; Rise       ; inst|16|clk    ;
; 0.500  ; 0.500        ; 0.000          ; Low Pulse Width  ; KEY[3] ; Rise       ; inst|16|clk    ;
+--------+--------------+----------------+------------------+--------+------------+----------------+


+---------------------------------------------------------------------------------------------------------+
; Slow Model Minimum Pulse Width: '7493:inst|13'                                                          ;
+--------+--------------+----------------+------------------+--------------+------------+-----------------+
; Slack  ; Actual Width ; Required Width ; Type             ; Clock        ; Clock Edge ; Target          ;
+--------+--------------+----------------+------------------+--------------+------------+-----------------+
; -0.500 ; 0.500        ; 1.000          ; High Pulse Width ; 7493:inst|13 ; Fall       ; 7493:inst4|16   ;
; -0.500 ; 0.500        ; 1.000          ; Low Pulse Width  ; 7493:inst|13 ; Fall       ; 7493:inst4|16   ;
; -0.500 ; 0.500        ; 1.000          ; High Pulse Width ; 7493:inst|13 ; Rise       ; 7493:inst|14    ;
; -0.500 ; 0.500        ; 1.000          ; Low Pulse Width  ; 7493:inst|13 ; Rise       ; 7493:inst|14    ;
; -0.500 ; 0.500        ; 1.000          ; High Pulse Width ; 7493:inst|13 ; Rise       ; 7493:inst|15    ;
; -0.500 ; 0.500        ; 1.000          ; Low Pulse Width  ; 7493:inst|13 ; Rise       ; 7493:inst|15    ;
; 0.500  ; 0.500        ; 0.000          ; High Pulse Width ; 7493:inst|13 ; Fall       ; inst1|combout   ;
; 0.500  ; 0.500        ; 0.000          ; Low Pulse Width  ; 7493:inst|13 ; Fall       ; inst1|combout   ;
; 0.500  ; 0.500        ; 0.000          ; High Pulse Width ; 7493:inst|13 ; Rise       ; inst1|dataa     ;
; 0.500  ; 0.500        ; 0.000          ; Low Pulse Width  ; 7493:inst|13 ; Rise       ; inst1|dataa     ;
; 0.500  ; 0.500        ; 0.000          ; High Pulse Width ; 7493:inst|13 ; Fall       ; inst4|16|clk    ;
; 0.500  ; 0.500        ; 0.000          ; Low Pulse Width  ; 7493:inst|13 ; Fall       ; inst4|16|clk    ;
; 0.500  ; 0.500        ; 0.000          ; High Pulse Width ; 7493:inst|13 ; Rise       ; inst6~0|combout ;
; 0.500  ; 0.500        ; 0.000          ; Low Pulse Width  ; 7493:inst|13 ; Rise       ; inst6~0|combout ;
; 0.500  ; 0.500        ; 0.000          ; High Pulse Width ; 7493:inst|13 ; Rise       ; inst6~0|datab   ;
; 0.500  ; 0.500        ; 0.000          ; Low Pulse Width  ; 7493:inst|13 ; Rise       ; inst6~0|datab   ;
; 0.500  ; 0.500        ; 0.000          ; High Pulse Width ; 7493:inst|13 ; Rise       ; inst7|combout   ;
; 0.500  ; 0.500        ; 0.000          ; Low Pulse Width  ; 7493:inst|13 ; Rise       ; inst7|combout   ;
; 0.500  ; 0.500        ; 0.000          ; High Pulse Width ; 7493:inst|13 ; Rise       ; inst7|datad     ;
; 0.500  ; 0.500        ; 0.000          ; Low Pulse Width  ; 7493:inst|13 ; Rise       ; inst7|datad     ;
; 0.500  ; 0.500        ; 0.000          ; High Pulse Width ; 7493:inst|13 ; Rise       ; inst|13|clk     ;
; 0.500  ; 0.500        ; 0.000          ; Low Pulse Width  ; 7493:inst|13 ; Rise       ; inst|13|clk     ;
; 0.500  ; 0.500        ; 0.000          ; High Pulse Width ; 7493:inst|13 ; Rise       ; inst|13|regout  ;
; 0.500  ; 0.500        ; 0.000          ; Low Pulse Width  ; 7493:inst|13 ; Rise       ; inst|13|regout  ;
; 0.500  ; 0.500        ; 0.000          ; High Pulse Width ; 7493:inst|13 ; Rise       ; inst|14|clk     ;
; 0.500  ; 0.500        ; 0.000          ; Low Pulse Width  ; 7493:inst|13 ; Rise       ; inst|14|clk     ;
; 0.500  ; 0.500        ; 0.000          ; High Pulse Width ; 7493:inst|13 ; Rise       ; inst|15|clk     ;
; 0.500  ; 0.500        ; 0.000          ; Low Pulse Width  ; 7493:inst|13 ; Rise       ; inst|15|clk     ;
+--------+--------------+----------------+------------------+--------------+------------+-----------------+


+-------------------------------------------------------------------------+
; Clock to Output Times                                                   ;
+-----------+--------------+-------+-------+------------+-----------------+
; Data Port ; Clock Port   ; Rise  ; Fall  ; Clock Edge ; Clock Reference ;
+-----------+--------------+-------+-------+------------+-----------------+
; LEDR[*]   ; 7493:inst|13 ; 5.590 ; 5.590 ; Rise       ; 7493:inst|13    ;
;  LEDR[1]  ; 7493:inst|13 ; 5.590 ; 5.590 ; Rise       ; 7493:inst|13    ;
;  LEDR[2]  ; 7493:inst|13 ; 5.583 ; 5.583 ; Rise       ; 7493:inst|13    ;
;  LEDR[3]  ; 7493:inst|13 ; 3.705 ;       ; Rise       ; 7493:inst|13    ;
; LEDR[*]   ; 7493:inst|13 ; 5.821 ; 5.821 ; Fall       ; 7493:inst|13    ;
;  LEDR[3]  ; 7493:inst|13 ;       ; 3.705 ; Fall       ; 7493:inst|13    ;
;  LEDR[4]  ; 7493:inst|13 ; 5.821 ; 5.821 ; Fall       ; 7493:inst|13    ;
; LEDR[*]   ; KEY[3]       ; 8.943 ; 8.943 ; Rise       ; KEY[3]          ;
;  LEDR[0]  ; KEY[3]       ; 8.943 ; 8.943 ; Rise       ; KEY[3]          ;
+-----------+--------------+-------+-------+------------+-----------------+


+-------------------------------------------------------------------------+
; Minimum Clock to Output Times                                           ;
+-----------+--------------+-------+-------+------------+-----------------+
; Data Port ; Clock Port   ; Rise  ; Fall  ; Clock Edge ; Clock Reference ;
+-----------+--------------+-------+-------+------------+-----------------+
; LEDR[*]   ; 7493:inst|13 ; 3.705 ; 5.583 ; Rise       ; 7493:inst|13    ;
;  LEDR[1]  ; 7493:inst|13 ; 5.590 ; 5.590 ; Rise       ; 7493:inst|13    ;
;  LEDR[2]  ; 7493:inst|13 ; 5.583 ; 5.583 ; Rise       ; 7493:inst|13    ;
;  LEDR[3]  ; 7493:inst|13 ; 3.705 ;       ; Rise       ; 7493:inst|13    ;
; LEDR[*]   ; 7493:inst|13 ; 5.821 ; 3.705 ; Fall       ; 7493:inst|13    ;
;  LEDR[3]  ; 7493:inst|13 ;       ; 3.705 ; Fall       ; 7493:inst|13    ;
;  LEDR[4]  ; 7493:inst|13 ; 5.821 ; 5.821 ; Fall       ; 7493:inst|13    ;
; LEDR[*]   ; KEY[3]       ; 8.943 ; 8.943 ; Rise       ; KEY[3]          ;
;  LEDR[0]  ; KEY[3]       ; 8.943 ; 8.943 ; Rise       ; KEY[3]          ;
+-----------+--------------+-------+-------+------------+-----------------+


+--------------------------------------+
; Fast Model Setup Summary             ;
+--------------+-------+---------------+
; Clock        ; Slack ; End Point TNS ;
+--------------+-------+---------------+
; 7493:inst|13 ; 0.630 ; 0.000         ;
; KEY[3]       ; 0.665 ; 0.000         ;
+--------------+-------+---------------+


+--------------------------------------+
; Fast Model Hold Summary              ;
+--------------+-------+---------------+
; Clock        ; Slack ; End Point TNS ;
+--------------+-------+---------------+
; 7493:inst|13 ; 0.215 ; 0.000         ;
; KEY[3]       ; 0.215 ; 0.000         ;
+--------------+-------+---------------+


+---------------------------------------+
; Fast Model Recovery Summary           ;
+--------------+--------+---------------+
; Clock        ; Slack  ; End Point TNS ;
+--------------+--------+---------------+
; 7493:inst|13 ; -2.481 ; -6.265        ;
; KEY[3]       ; -0.116 ; -0.116        ;
+--------------+--------+---------------+


+---------------------------------------+
; Fast Model Removal Summary            ;
+--------------+--------+---------------+
; Clock        ; Slack  ; End Point TNS ;
+--------------+--------+---------------+
; KEY[3]       ; -1.808 ; -1.808        ;
; 7493:inst|13 ; -0.032 ; -0.064        ;
+--------------+--------+---------------+


+----------------------------------------+
; Fast Model Minimum Pulse Width Summary ;
+--------------+--------+----------------+
; Clock        ; Slack  ; End Point TNS  ;
+--------------+--------+----------------+
; KEY[3]       ; -1.222 ; -2.222         ;
; 7493:inst|13 ; -0.500 ; -3.000         ;
+--------------+--------+----------------+


+--------------------------------------------------------------------------------------------------------------+
; Fast Model Setup: '7493:inst|13'                                                                             ;
+-------+---------------+---------------+--------------+--------------+--------------+------------+------------+
; Slack ; From Node     ; To Node       ; Launch Clock ; Latch Clock  ; Relationship ; Clock Skew ; Data Delay ;
+-------+---------------+---------------+--------------+--------------+--------------+------------+------------+
; 0.630 ; 7493:inst|15  ; 7493:inst|14  ; 7493:inst|13 ; 7493:inst|13 ; 1.000        ; 0.000      ; 0.402      ;
; 0.665 ; 7493:inst|15  ; 7493:inst|15  ; 7493:inst|13 ; 7493:inst|13 ; 1.000        ; 0.000      ; 0.367      ;
; 0.665 ; 7493:inst|14  ; 7493:inst|14  ; 7493:inst|13 ; 7493:inst|13 ; 1.000        ; 0.000      ; 0.367      ;
; 0.665 ; 7493:inst4|16 ; 7493:inst4|16 ; 7493:inst|13 ; 7493:inst|13 ; 1.000        ; 0.000      ; 0.367      ;
+-------+---------------+---------------+--------------+--------------+--------------+------------+------------+


+-----------------------------------------------------------------------------------------------------------+
; Fast Model Setup: 'KEY[3]'                                                                                ;
+-------+--------------+--------------+--------------+-------------+--------------+------------+------------+
; Slack ; From Node    ; To Node      ; Launch Clock ; Latch Clock ; Relationship ; Clock Skew ; Data Delay ;
+-------+--------------+--------------+--------------+-------------+--------------+------------+------------+
; 0.665 ; 7493:inst|16 ; 7493:inst|16 ; KEY[3]       ; KEY[3]      ; 1.000        ; 0.000      ; 0.367      ;
+-------+--------------+--------------+--------------+-------------+--------------+------------+------------+


+--------------------------------------------------------------------------------------------------------------+
; Fast Model Hold: '7493:inst|13'                                                                              ;
+-------+---------------+---------------+--------------+--------------+--------------+------------+------------+
; Slack ; From Node     ; To Node       ; Launch Clock ; Latch Clock  ; Relationship ; Clock Skew ; Data Delay ;
+-------+---------------+---------------+--------------+--------------+--------------+------------+------------+
; 0.215 ; 7493:inst|15  ; 7493:inst|15  ; 7493:inst|13 ; 7493:inst|13 ; 0.000        ; 0.000      ; 0.367      ;
; 0.215 ; 7493:inst|14  ; 7493:inst|14  ; 7493:inst|13 ; 7493:inst|13 ; 0.000        ; 0.000      ; 0.367      ;
; 0.215 ; 7493:inst4|16 ; 7493:inst4|16 ; 7493:inst|13 ; 7493:inst|13 ; 0.000        ; 0.000      ; 0.367      ;
; 0.250 ; 7493:inst|15  ; 7493:inst|14  ; 7493:inst|13 ; 7493:inst|13 ; 0.000        ; 0.000      ; 0.402      ;
+-------+---------------+---------------+--------------+--------------+--------------+------------+------------+


+-----------------------------------------------------------------------------------------------------------+
; Fast Model Hold: 'KEY[3]'                                                                                 ;
+-------+--------------+--------------+--------------+-------------+--------------+------------+------------+
; Slack ; From Node    ; To Node      ; Launch Clock ; Latch Clock ; Relationship ; Clock Skew ; Data Delay ;
+-------+--------------+--------------+--------------+-------------+--------------+------------+------------+
; 0.215 ; 7493:inst|16 ; 7493:inst|16 ; KEY[3]       ; KEY[3]      ; 0.000        ; 0.000      ; 0.367      ;
+-------+--------------+--------------+--------------+-------------+--------------+------------+------------+


+---------------------------------------------------------------------------------------------------------------+
; Fast Model Recovery: '7493:inst|13'                                                                           ;
+--------+---------------+---------------+--------------+--------------+--------------+------------+------------+
; Slack  ; From Node     ; To Node       ; Launch Clock ; Latch Clock  ; Relationship ; Clock Skew ; Data Delay ;
+--------+---------------+---------------+--------------+--------------+--------------+------------+------------+
; -2.481 ; 7493:inst|16  ; 7493:inst4|16 ; KEY[3]       ; 7493:inst|13 ; 0.500        ; -1.791     ; 1.222      ;
; -1.892 ; 7493:inst|16  ; 7493:inst|15  ; KEY[3]       ; 7493:inst|13 ; 1.000        ; -1.776     ; 1.148      ;
; -1.892 ; 7493:inst|16  ; 7493:inst|14  ; KEY[3]       ; 7493:inst|13 ; 1.000        ; -1.776     ; 1.148      ;
; -0.630 ; 7493:inst|15  ; 7493:inst4|16 ; 7493:inst|13 ; 7493:inst|13 ; 0.500        ; -0.015     ; 1.147      ;
; -0.474 ; 7493:inst4|16 ; 7493:inst|15  ; 7493:inst|13 ; 7493:inst|13 ; 0.500        ; 0.015      ; 1.021      ;
; -0.474 ; 7493:inst4|16 ; 7493:inst|14  ; 7493:inst|13 ; 7493:inst|13 ; 0.500        ; 0.015      ; 1.021      ;
; -0.063 ; 7493:inst4|16 ; 7493:inst4|16 ; 7493:inst|13 ; 7493:inst|13 ; 1.000        ; 0.000      ; 1.095      ;
; -0.041 ; 7493:inst|15  ; 7493:inst|15  ; 7493:inst|13 ; 7493:inst|13 ; 1.000        ; 0.000      ; 1.073      ;
; -0.041 ; 7493:inst|15  ; 7493:inst|14  ; 7493:inst|13 ; 7493:inst|13 ; 1.000        ; 0.000      ; 1.073      ;
; 0.323  ; 7493:inst|13  ; 7493:inst4|16 ; 7493:inst|13 ; 7493:inst|13 ; 0.500        ; 0.917      ; 1.267      ;
; 0.412  ; 7493:inst|13  ; 7493:inst|15  ; 7493:inst|13 ; 7493:inst|13 ; 0.500        ; 0.932      ; 1.193      ;
; 0.412  ; 7493:inst|13  ; 7493:inst|14  ; 7493:inst|13 ; 7493:inst|13 ; 0.500        ; 0.932      ; 1.193      ;
; 0.823  ; 7493:inst|13  ; 7493:inst4|16 ; 7493:inst|13 ; 7493:inst|13 ; 1.000        ; 0.917      ; 1.267      ;
; 0.912  ; 7493:inst|13  ; 7493:inst|15  ; 7493:inst|13 ; 7493:inst|13 ; 1.000        ; 0.932      ; 1.193      ;
; 0.912  ; 7493:inst|13  ; 7493:inst|14  ; 7493:inst|13 ; 7493:inst|13 ; 1.000        ; 0.932      ; 1.193      ;
+--------+---------------+---------------+--------------+--------------+--------------+------------+------------+


+-------------------------------------------------------------------------------------------------------------+
; Fast Model Recovery: 'KEY[3]'                                                                               ;
+--------+---------------+--------------+--------------+-------------+--------------+------------+------------+
; Slack  ; From Node     ; To Node      ; Launch Clock ; Latch Clock ; Relationship ; Clock Skew ; Data Delay ;
+--------+---------------+--------------+--------------+-------------+--------------+------------+------------+
; -0.116 ; 7493:inst|16  ; 7493:inst|16 ; KEY[3]       ; KEY[3]      ; 1.000        ; 0.000      ; 1.148      ;
; 1.302  ; 7493:inst4|16 ; 7493:inst|16 ; 7493:inst|13 ; KEY[3]      ; 0.500        ; 1.791      ; 1.021      ;
; 1.735  ; 7493:inst|15  ; 7493:inst|16 ; 7493:inst|13 ; KEY[3]      ; 1.000        ; 1.776      ; 1.073      ;
; 2.188  ; 7493:inst|13  ; 7493:inst|16 ; 7493:inst|13 ; KEY[3]      ; 0.500        ; 2.708      ; 1.193      ;
; 2.688  ; 7493:inst|13  ; 7493:inst|16 ; 7493:inst|13 ; KEY[3]      ; 1.000        ; 2.708      ; 1.193      ;
+--------+---------------+--------------+--------------+-------------+--------------+------------+------------+


+-------------------------------------------------------------------------------------------------------------+
; Fast Model Removal: 'KEY[3]'                                                                                ;
+--------+---------------+--------------+--------------+-------------+--------------+------------+------------+
; Slack  ; From Node     ; To Node      ; Launch Clock ; Latch Clock ; Relationship ; Clock Skew ; Data Delay ;
+--------+---------------+--------------+--------------+-------------+--------------+------------+------------+
; -1.808 ; 7493:inst|13  ; 7493:inst|16 ; 7493:inst|13 ; KEY[3]      ; 0.000        ; 2.708      ; 1.193      ;
; -1.308 ; 7493:inst|13  ; 7493:inst|16 ; 7493:inst|13 ; KEY[3]      ; -0.500       ; 2.708      ; 1.193      ;
; -0.855 ; 7493:inst|15  ; 7493:inst|16 ; 7493:inst|13 ; KEY[3]      ; 0.000        ; 1.776      ; 1.073      ;
; -0.422 ; 7493:inst4|16 ; 7493:inst|16 ; 7493:inst|13 ; KEY[3]      ; -0.500       ; 1.791      ; 1.021      ;
; 0.996  ; 7493:inst|16  ; 7493:inst|16 ; KEY[3]       ; KEY[3]      ; 0.000        ; 0.000      ; 1.148      ;
+--------+---------------+--------------+--------------+-------------+--------------+------------+------------+


+---------------------------------------------------------------------------------------------------------------+
; Fast Model Removal: '7493:inst|13'                                                                            ;
+--------+---------------+---------------+--------------+--------------+--------------+------------+------------+
; Slack  ; From Node     ; To Node       ; Launch Clock ; Latch Clock  ; Relationship ; Clock Skew ; Data Delay ;
+--------+---------------+---------------+--------------+--------------+--------------+------------+------------+
; -0.032 ; 7493:inst|13  ; 7493:inst|15  ; 7493:inst|13 ; 7493:inst|13 ; 0.000        ; 0.932      ; 1.193      ;
; -0.032 ; 7493:inst|13  ; 7493:inst|14  ; 7493:inst|13 ; 7493:inst|13 ; 0.000        ; 0.932      ; 1.193      ;
; 0.057  ; 7493:inst|13  ; 7493:inst4|16 ; 7493:inst|13 ; 7493:inst|13 ; 0.000        ; 0.917      ; 1.267      ;
; 0.468  ; 7493:inst|13  ; 7493:inst|15  ; 7493:inst|13 ; 7493:inst|13 ; -0.500       ; 0.932      ; 1.193      ;
; 0.468  ; 7493:inst|13  ; 7493:inst|14  ; 7493:inst|13 ; 7493:inst|13 ; -0.500       ; 0.932      ; 1.193      ;
; 0.557  ; 7493:inst|13  ; 7493:inst4|16 ; 7493:inst|13 ; 7493:inst|13 ; -0.500       ; 0.917      ; 1.267      ;
; 0.921  ; 7493:inst|15  ; 7493:inst|15  ; 7493:inst|13 ; 7493:inst|13 ; 0.000        ; 0.000      ; 1.073      ;
; 0.921  ; 7493:inst|15  ; 7493:inst|14  ; 7493:inst|13 ; 7493:inst|13 ; 0.000        ; 0.000      ; 1.073      ;
; 0.943  ; 7493:inst4|16 ; 7493:inst4|16 ; 7493:inst|13 ; 7493:inst|13 ; 0.000        ; 0.000      ; 1.095      ;
; 1.354  ; 7493:inst4|16 ; 7493:inst|15  ; 7493:inst|13 ; 7493:inst|13 ; -0.500       ; 0.015      ; 1.021      ;
; 1.354  ; 7493:inst4|16 ; 7493:inst|14  ; 7493:inst|13 ; 7493:inst|13 ; -0.500       ; 0.015      ; 1.021      ;
; 1.510  ; 7493:inst|15  ; 7493:inst4|16 ; 7493:inst|13 ; 7493:inst|13 ; -0.500       ; -0.015     ; 1.147      ;
; 2.772  ; 7493:inst|16  ; 7493:inst|15  ; KEY[3]       ; 7493:inst|13 ; 0.000        ; -1.776     ; 1.148      ;
; 2.772  ; 7493:inst|16  ; 7493:inst|14  ; KEY[3]       ; 7493:inst|13 ; 0.000        ; -1.776     ; 1.148      ;
; 3.361  ; 7493:inst|16  ; 7493:inst4|16 ; KEY[3]       ; 7493:inst|13 ; -0.500       ; -1.791     ; 1.222      ;
+--------+---------------+---------------+--------------+--------------+--------------+------------+------------+


+--------------------------------------------------------------------------------------------------+
; Fast Model Minimum Pulse Width: 'KEY[3]'                                                         ;
+--------+--------------+----------------+------------------+--------+------------+----------------+
; Slack  ; Actual Width ; Required Width ; Type             ; Clock  ; Clock Edge ; Target         ;
+--------+--------------+----------------+------------------+--------+------------+----------------+
; -1.222 ; 1.000        ; 2.222          ; Port Rate        ; KEY[3] ; Rise       ; KEY[3]         ;
; -0.500 ; 0.500        ; 1.000          ; High Pulse Width ; KEY[3] ; Rise       ; 7493:inst|16   ;
; -0.500 ; 0.500        ; 1.000          ; Low Pulse Width  ; KEY[3] ; Rise       ; 7493:inst|16   ;
; 0.500  ; 0.500        ; 0.000          ; High Pulse Width ; KEY[3] ; Rise       ; KEY[3]|combout ;
; 0.500  ; 0.500        ; 0.000          ; Low Pulse Width  ; KEY[3] ; Rise       ; KEY[3]|combout ;
; 0.500  ; 0.500        ; 0.000          ; High Pulse Width ; KEY[3] ; Rise       ; inst|16|clk    ;
; 0.500  ; 0.500        ; 0.000          ; Low Pulse Width  ; KEY[3] ; Rise       ; inst|16|clk    ;
+--------+--------------+----------------+------------------+--------+------------+----------------+


+---------------------------------------------------------------------------------------------------------+
; Fast Model Minimum Pulse Width: '7493:inst|13'                                                          ;
+--------+--------------+----------------+------------------+--------------+------------+-----------------+
; Slack  ; Actual Width ; Required Width ; Type             ; Clock        ; Clock Edge ; Target          ;
+--------+--------------+----------------+------------------+--------------+------------+-----------------+
; -0.500 ; 0.500        ; 1.000          ; High Pulse Width ; 7493:inst|13 ; Fall       ; 7493:inst4|16   ;
; -0.500 ; 0.500        ; 1.000          ; Low Pulse Width  ; 7493:inst|13 ; Fall       ; 7493:inst4|16   ;
; -0.500 ; 0.500        ; 1.000          ; High Pulse Width ; 7493:inst|13 ; Rise       ; 7493:inst|14    ;
; -0.500 ; 0.500        ; 1.000          ; Low Pulse Width  ; 7493:inst|13 ; Rise       ; 7493:inst|14    ;
; -0.500 ; 0.500        ; 1.000          ; High Pulse Width ; 7493:inst|13 ; Rise       ; 7493:inst|15    ;
; -0.500 ; 0.500        ; 1.000          ; Low Pulse Width  ; 7493:inst|13 ; Rise       ; 7493:inst|15    ;
; 0.500  ; 0.500        ; 0.000          ; High Pulse Width ; 7493:inst|13 ; Fall       ; inst1|combout   ;
; 0.500  ; 0.500        ; 0.000          ; Low Pulse Width  ; 7493:inst|13 ; Fall       ; inst1|combout   ;
; 0.500  ; 0.500        ; 0.000          ; High Pulse Width ; 7493:inst|13 ; Rise       ; inst1|dataa     ;
; 0.500  ; 0.500        ; 0.000          ; Low Pulse Width  ; 7493:inst|13 ; Rise       ; inst1|dataa     ;
; 0.500  ; 0.500        ; 0.000          ; High Pulse Width ; 7493:inst|13 ; Fall       ; inst4|16|clk    ;
; 0.500  ; 0.500        ; 0.000          ; Low Pulse Width  ; 7493:inst|13 ; Fall       ; inst4|16|clk    ;
; 0.500  ; 0.500        ; 0.000          ; High Pulse Width ; 7493:inst|13 ; Rise       ; inst6~0|combout ;
; 0.500  ; 0.500        ; 0.000          ; Low Pulse Width  ; 7493:inst|13 ; Rise       ; inst6~0|combout ;
; 0.500  ; 0.500        ; 0.000          ; High Pulse Width ; 7493:inst|13 ; Rise       ; inst6~0|datab   ;
; 0.500  ; 0.500        ; 0.000          ; Low Pulse Width  ; 7493:inst|13 ; Rise       ; inst6~0|datab   ;
; 0.500  ; 0.500        ; 0.000          ; High Pulse Width ; 7493:inst|13 ; Rise       ; inst7|combout   ;
; 0.500  ; 0.500        ; 0.000          ; Low Pulse Width  ; 7493:inst|13 ; Rise       ; inst7|combout   ;
; 0.500  ; 0.500        ; 0.000          ; High Pulse Width ; 7493:inst|13 ; Rise       ; inst7|datad     ;
; 0.500  ; 0.500        ; 0.000          ; Low Pulse Width  ; 7493:inst|13 ; Rise       ; inst7|datad     ;
; 0.500  ; 0.500        ; 0.000          ; High Pulse Width ; 7493:inst|13 ; Rise       ; inst|13|clk     ;
; 0.500  ; 0.500        ; 0.000          ; Low Pulse Width  ; 7493:inst|13 ; Rise       ; inst|13|clk     ;
; 0.500  ; 0.500        ; 0.000          ; High Pulse Width ; 7493:inst|13 ; Rise       ; inst|13|regout  ;
; 0.500  ; 0.500        ; 0.000          ; Low Pulse Width  ; 7493:inst|13 ; Rise       ; inst|13|regout  ;
; 0.500  ; 0.500        ; 0.000          ; High Pulse Width ; 7493:inst|13 ; Rise       ; inst|14|clk     ;
; 0.500  ; 0.500        ; 0.000          ; Low Pulse Width  ; 7493:inst|13 ; Rise       ; inst|14|clk     ;
; 0.500  ; 0.500        ; 0.000          ; High Pulse Width ; 7493:inst|13 ; Rise       ; inst|15|clk     ;
; 0.500  ; 0.500        ; 0.000          ; Low Pulse Width  ; 7493:inst|13 ; Rise       ; inst|15|clk     ;
+--------+--------------+----------------+------------------+--------------+------------+-----------------+


+-------------------------------------------------------------------------+
; Clock to Output Times                                                   ;
+-----------+--------------+-------+-------+------------+-----------------+
; Data Port ; Clock Port   ; Rise  ; Fall  ; Clock Edge ; Clock Reference ;
+-----------+--------------+-------+-------+------------+-----------------+
; LEDR[*]   ; 7493:inst|13 ; 2.942 ; 2.942 ; Rise       ; 7493:inst|13    ;
;  LEDR[1]  ; 7493:inst|13 ; 2.942 ; 2.942 ; Rise       ; 7493:inst|13    ;
;  LEDR[2]  ; 7493:inst|13 ; 2.939 ; 2.939 ; Rise       ; 7493:inst|13    ;
;  LEDR[3]  ; 7493:inst|13 ; 1.983 ;       ; Rise       ; 7493:inst|13    ;
; LEDR[*]   ; 7493:inst|13 ; 3.048 ; 3.048 ; Fall       ; 7493:inst|13    ;
;  LEDR[3]  ; 7493:inst|13 ;       ; 1.983 ; Fall       ; 7493:inst|13    ;
;  LEDR[4]  ; 7493:inst|13 ; 3.048 ; 3.048 ; Fall       ; 7493:inst|13    ;
; LEDR[*]   ; KEY[3]       ; 4.815 ; 4.815 ; Rise       ; KEY[3]          ;
;  LEDR[0]  ; KEY[3]       ; 4.815 ; 4.815 ; Rise       ; KEY[3]          ;
+-----------+--------------+-------+-------+------------+-----------------+


+-------------------------------------------------------------------------+
; Minimum Clock to Output Times                                           ;
+-----------+--------------+-------+-------+------------+-----------------+
; Data Port ; Clock Port   ; Rise  ; Fall  ; Clock Edge ; Clock Reference ;
+-----------+--------------+-------+-------+------------+-----------------+
; LEDR[*]   ; 7493:inst|13 ; 1.983 ; 2.939 ; Rise       ; 7493:inst|13    ;
;  LEDR[1]  ; 7493:inst|13 ; 2.942 ; 2.942 ; Rise       ; 7493:inst|13    ;
;  LEDR[2]  ; 7493:inst|13 ; 2.939 ; 2.939 ; Rise       ; 7493:inst|13    ;
;  LEDR[3]  ; 7493:inst|13 ; 1.983 ;       ; Rise       ; 7493:inst|13    ;
; LEDR[*]   ; 7493:inst|13 ; 3.048 ; 1.983 ; Fall       ; 7493:inst|13    ;
;  LEDR[3]  ; 7493:inst|13 ;       ; 1.983 ; Fall       ; 7493:inst|13    ;
;  LEDR[4]  ; 7493:inst|13 ; 3.048 ; 3.048 ; Fall       ; 7493:inst|13    ;
; LEDR[*]   ; KEY[3]       ; 4.815 ; 4.815 ; Rise       ; KEY[3]          ;
;  LEDR[0]  ; KEY[3]       ; 4.815 ; 4.815 ; Rise       ; KEY[3]          ;
+-----------+--------------+-------+-------+------------+-----------------+


+-----------------------------------------------------------------------------+
; Multicorner Timing Analysis Summary                                         ;
+------------------+-------+-------+----------+---------+---------------------+
; Clock            ; Setup ; Hold  ; Recovery ; Removal ; Minimum Pulse Width ;
+------------------+-------+-------+----------+---------+---------------------+
; Worst-case Slack ; 0.229 ; 0.215 ; -5.011   ; -3.187  ; -1.222              ;
;  7493:inst|13    ; 0.229 ; 0.215 ; -5.011   ; -0.051  ; -0.500              ;
;  KEY[3]          ; 0.379 ; 0.215 ; -1.203   ; -3.187  ; -1.222              ;
; Design-wide TNS  ; 0.0   ; 0.0   ; -14.892  ; -3.289  ; -5.222              ;
;  7493:inst|13    ; 0.000 ; 0.000 ; -13.689  ; -0.102  ; -3.000              ;
;  KEY[3]          ; 0.000 ; 0.000 ; -1.203   ; -3.187  ; -2.222              ;
+------------------+-------+-------+----------+---------+---------------------+


+-------------------------------------------------------------------------+
; Clock to Output Times                                                   ;
+-----------+--------------+-------+-------+------------+-----------------+
; Data Port ; Clock Port   ; Rise  ; Fall  ; Clock Edge ; Clock Reference ;
+-----------+--------------+-------+-------+------------+-----------------+
; LEDR[*]   ; 7493:inst|13 ; 5.590 ; 5.590 ; Rise       ; 7493:inst|13    ;
;  LEDR[1]  ; 7493:inst|13 ; 5.590 ; 5.590 ; Rise       ; 7493:inst|13    ;
;  LEDR[2]  ; 7493:inst|13 ; 5.583 ; 5.583 ; Rise       ; 7493:inst|13    ;
;  LEDR[3]  ; 7493:inst|13 ; 3.705 ;       ; Rise       ; 7493:inst|13    ;
; LEDR[*]   ; 7493:inst|13 ; 5.821 ; 5.821 ; Fall       ; 7493:inst|13    ;
;  LEDR[3]  ; 7493:inst|13 ;       ; 3.705 ; Fall       ; 7493:inst|13    ;
;  LEDR[4]  ; 7493:inst|13 ; 5.821 ; 5.821 ; Fall       ; 7493:inst|13    ;
; LEDR[*]   ; KEY[3]       ; 8.943 ; 8.943 ; Rise       ; KEY[3]          ;
;  LEDR[0]  ; KEY[3]       ; 8.943 ; 8.943 ; Rise       ; KEY[3]          ;
+-----------+--------------+-------+-------+------------+-----------------+


+-------------------------------------------------------------------------+
; Minimum Clock to Output Times                                           ;
+-----------+--------------+-------+-------+------------+-----------------+
; Data Port ; Clock Port   ; Rise  ; Fall  ; Clock Edge ; Clock Reference ;
+-----------+--------------+-------+-------+------------+-----------------+
; LEDR[*]   ; 7493:inst|13 ; 1.983 ; 2.939 ; Rise       ; 7493:inst|13    ;
;  LEDR[1]  ; 7493:inst|13 ; 2.942 ; 2.942 ; Rise       ; 7493:inst|13    ;
;  LEDR[2]  ; 7493:inst|13 ; 2.939 ; 2.939 ; Rise       ; 7493:inst|13    ;
;  LEDR[3]  ; 7493:inst|13 ; 1.983 ;       ; Rise       ; 7493:inst|13    ;
; LEDR[*]   ; 7493:inst|13 ; 3.048 ; 1.983 ; Fall       ; 7493:inst|13    ;
;  LEDR[3]  ; 7493:inst|13 ;       ; 1.983 ; Fall       ; 7493:inst|13    ;
;  LEDR[4]  ; 7493:inst|13 ; 3.048 ; 3.048 ; Fall       ; 7493:inst|13    ;
; LEDR[*]   ; KEY[3]       ; 4.815 ; 4.815 ; Rise       ; KEY[3]          ;
;  LEDR[0]  ; KEY[3]       ; 4.815 ; 4.815 ; Rise       ; KEY[3]          ;
+-----------+--------------+-------+-------+------------+-----------------+


+-------------------------------------------------------------------------+
; Setup Transfers                                                         ;
+--------------+--------------+----------+----------+----------+----------+
; From Clock   ; To Clock     ; RR Paths ; FR Paths ; RF Paths ; FF Paths ;
+--------------+--------------+----------+----------+----------+----------+
; 7493:inst|13 ; 7493:inst|13 ; 3        ; 0        ; 0        ; 1        ;
; KEY[3]       ; KEY[3]       ; 1        ; 0        ; 0        ; 0        ;
+--------------+--------------+----------+----------+----------+----------+
Entries labeled "false path" only account for clock-to-clock false paths and not path-based false paths. As a result, actual path counts may be lower than reported.


+-------------------------------------------------------------------------+
; Hold Transfers                                                          ;
+--------------+--------------+----------+----------+----------+----------+
; From Clock   ; To Clock     ; RR Paths ; FR Paths ; RF Paths ; FF Paths ;
+--------------+--------------+----------+----------+----------+----------+
; 7493:inst|13 ; 7493:inst|13 ; 3        ; 0        ; 0        ; 1        ;
; KEY[3]       ; KEY[3]       ; 1        ; 0        ; 0        ; 0        ;
+--------------+--------------+----------+----------+----------+----------+
Entries labeled "false path" only account for clock-to-clock false paths and not path-based false paths. As a result, actual path counts may be lower than reported.


+-------------------------------------------------------------------------+
; Recovery Transfers                                                      ;
+--------------+--------------+----------+----------+----------+----------+
; From Clock   ; To Clock     ; RR Paths ; FR Paths ; RF Paths ; FF Paths ;
+--------------+--------------+----------+----------+----------+----------+
; 7493:inst|13 ; 7493:inst|13 ; 4        ; 4        ; 2        ; 2        ;
; KEY[3]       ; 7493:inst|13 ; 2        ; 0        ; 1        ; 0        ;
; 7493:inst|13 ; KEY[3]       ; 2        ; 2        ; 0        ; 0        ;
; KEY[3]       ; KEY[3]       ; 1        ; 0        ; 0        ; 0        ;
+--------------+--------------+----------+----------+----------+----------+
Entries labeled "false path" only account for clock-to-clock false paths and not path-based false paths. As a result, actual path counts may be lower than reported.


+-------------------------------------------------------------------------+
; Removal Transfers                                                       ;
+--------------+--------------+----------+----------+----------+----------+
; From Clock   ; To Clock     ; RR Paths ; FR Paths ; RF Paths ; FF Paths ;
+--------------+--------------+----------+----------+----------+----------+
; 7493:inst|13 ; 7493:inst|13 ; 4        ; 4        ; 2        ; 2        ;
; KEY[3]       ; 7493:inst|13 ; 2        ; 0        ; 1        ; 0        ;
; 7493:inst|13 ; KEY[3]       ; 2        ; 2        ; 0        ; 0        ;
; KEY[3]       ; KEY[3]       ; 1        ; 0        ; 0        ; 0        ;
+--------------+--------------+----------+----------+----------+----------+
Entries labeled "false path" only account for clock-to-clock false paths and not path-based false paths. As a result, actual path counts may be lower than reported.


---------------
; Report TCCS ;
---------------
No dedicated SERDES Transmitter circuitry present in device or used in design


---------------
; Report RSKM ;
---------------
No dedicated SERDES Receiver circuitry present in device or used in design


+------------------------------------------------+
; Unconstrained Paths                            ;
+---------------------------------+-------+------+
; Property                        ; Setup ; Hold ;
+---------------------------------+-------+------+
; Illegal Clocks                  ; 0     ; 0    ;
; Unconstrained Clocks            ; 0     ; 0    ;
; Unconstrained Input Ports       ; 1     ; 1    ;
; Unconstrained Input Port Paths  ; 5     ; 5    ;
; Unconstrained Output Ports      ; 5     ; 5    ;
; Unconstrained Output Port Paths ; 5     ; 5    ;
+---------------------------------+-------+------+


+------------------------------------+
; TimeQuest Timing Analyzer Messages ;
+------------------------------------+
Info: *******************************************************************
Info: Running Quartus II 64-Bit TimeQuest Timing Analyzer
    Info: Version 13.0.1 Build 232 06/12/2013 Service Pack 1 SJ Web Edition
    Info: Processing started: Mon Oct 30 09:19:20 2017
Info: Command: quartus_sta skracanie_licznikow -c skracanie_licznikow
Info: qsta_default_script.tcl version: #1
Warning (20028): Parallel compilation is not licensed and has been disabled
Info (21077): Low junction temperature is 0 degrees C
Info (21077): High junction temperature is 85 degrees C
Critical Warning (332012): Synopsys Design Constraints File file not found: 'skracanie_licznikow.sdc'. A Synopsys Design Constraints File is required by the TimeQuest Timing Analyzer to get proper timing constraints. Without it, the Compiler will not properly optimize the design.
Info (332142): No user constrained base clocks found in the design. Calling "derive_clocks -period 1.0"
Info (332105): Deriving Clocks
    Info (332105): create_clock -period 1.000 -name 7493:inst|13 7493:inst|13
    Info (332105): create_clock -period 1.000 -name KEY[3] KEY[3]
Warning (332191): Clock target 7493:inst|13 of clock 7493:inst|13 is fed by another target of the same clock.
Info: Found TIMEQUEST_REPORT_SCRIPT_INCLUDE_DEFAULT_ANALYSIS = ON
Info: Analyzing Slow Model
Info (332146): Worst-case setup slack is 0.229
    Info (332119):     Slack End Point TNS Clock 
    Info (332119): ========= ============= =====================
    Info (332119):     0.229         0.000 7493:inst|13 
    Info (332119):     0.379         0.000 KEY[3] 
Info (332146): Worst-case hold slack is 0.391
    Info (332119):     Slack End Point TNS Clock 
    Info (332119): ========= ============= =====================
    Info (332119):     0.391         0.000 7493:inst|13 
    Info (332119):     0.391         0.000 KEY[3] 
Critical Warning (332148): Timing requirements not met
Info (332146): Worst-case recovery slack is -5.011
    Info (332119):     Slack End Point TNS Clock 
    Info (332119): ========= ============= =====================
    Info (332119):    -5.011       -13.689 7493:inst|13 
    Info (332119):    -1.203        -1.203 KEY[3] 
Info (332146): Worst-case removal slack is -3.187
    Info (332119):     Slack End Point TNS Clock 
    Info (332119): ========= ============= =====================
    Info (332119):    -3.187        -3.187 KEY[3] 
    Info (332119):    -0.051        -0.102 7493:inst|13 
Info (332146): Worst-case minimum pulse width slack is -1.222
    Info (332119):     Slack End Point TNS Clock 
    Info (332119): ========= ============= =====================
    Info (332119):    -1.222        -2.222 KEY[3] 
    Info (332119):    -0.500        -3.000 7493:inst|13 
Info (332001): The selected device family is not supported by the report_metastability command.
Info: Analyzing Fast Model
Warning (332191): Clock target 7493:inst|13 of clock 7493:inst|13 is fed by another target of the same clock.
Info (332146): Worst-case setup slack is 0.630
    Info (332119):     Slack End Point TNS Clock 
    Info (332119): ========= ============= =====================
    Info (332119):     0.630         0.000 7493:inst|13 
    Info (332119):     0.665         0.000 KEY[3] 
Info (332146): Worst-case hold slack is 0.215
    Info (332119):     Slack End Point TNS Clock 
    Info (332119): ========= ============= =====================
    Info (332119):     0.215         0.000 7493:inst|13 
    Info (332119):     0.215         0.000 KEY[3] 
Critical Warning (332148): Timing requirements not met
Info (332146): Worst-case recovery slack is -2.481
    Info (332119):     Slack End Point TNS Clock 
    Info (332119): ========= ============= =====================
    Info (332119):    -2.481        -6.265 7493:inst|13 
    Info (332119):    -0.116        -0.116 KEY[3] 
Info (332146): Worst-case removal slack is -1.808
    Info (332119):     Slack End Point TNS Clock 
    Info (332119): ========= ============= =====================
    Info (332119):    -1.808        -1.808 KEY[3] 
    Info (332119):    -0.032        -0.064 7493:inst|13 
Info (332146): Worst-case minimum pulse width slack is -1.222
    Info (332119):     Slack End Point TNS Clock 
    Info (332119): ========= ============= =====================
    Info (332119):    -1.222        -2.222 KEY[3] 
    Info (332119):    -0.500        -3.000 7493:inst|13 
Info (332001): The selected device family is not supported by the report_metastability command.
Info (332102): Design is not fully constrained for setup requirements
Info (332102): Design is not fully constrained for hold requirements
Info: Quartus II 64-Bit TimeQuest Timing Analyzer was successful. 0 errors, 6 warnings
    Info: Peak virtual memory: 433 megabytes
    Info: Processing ended: Mon Oct 30 09:19:22 2017
    Info: Elapsed time: 00:00:02
    Info: Total CPU time (on all processors): 00:00:01


